"strain"	"date"	"genbank_accession"	"region"	"host"	"vaccine status"	"week"	"latitude"	"longitude"	"type-subtype"	"putative mixed-infection"	"xpto"
"second_stage_2__test_create_tree"	"2022-10-24"	"?"	"Europe"	"?"	"?"	"?"	"?"	"?"	"?"	"?"	"?"
"EVA001_S66"	"2022-10-19"	"?"	"Europe"	"?"	"?"	"?"	"?"	"?"	"xpto, zpto"	"?"	"xpto xpto"
"EVA002_S52"	"2022-10-19"	"?"	"Europe"	"?"	"?"	"?"	"?"	"?"	"xpto, zpto"	"?"	"xpto xpto"
"EVA003_S91"	"2022-10-24"	"?"	"Europe"	"?"	"?"	"?"	"?"	"?"	"xpto, zpto"	"?"	"xpto xpto"
"EVA011_S54"	"2022-10-21"	"?"	"Europe"	"?"	"?"	"?"	"?"	"?"	"xpto, zpto"	"?"	"xpto xpto"
